2025-05-10 18:28:21,373 INFO: Application startup [in C:\Users\RISHI\Desktop\PBL Vercel\PBL very new\PBL\app.py:37]
2025-05-10 18:28:21,384 INFO: Database connection successful [in C:\Users\RISHI\Desktop\PBL Vercel\PBL very new\PBL\app.py:52]
2025-05-10 18:28:23,763 INFO: Application startup [in C:\Users\RISHI\Desktop\PBL Vercel\PBL very new\PBL\app.py:37]
2025-05-10 18:28:23,774 INFO: Database connection successful [in C:\Users\RISHI\Desktop\PBL Vercel\PBL very new\PBL\app.py:52]
2025-05-10 18:28:42,611 INFO: Application startup [in C:\Users\RISHI\Desktop\PBL Vercel\PBL very new\PBL\app.py:37]
2025-05-10 18:28:42,628 INFO: Database connection successful [in C:\Users\RISHI\Desktop\PBL Vercel\PBL very new\PBL\app.py:52]
2025-05-10 22:02:22,970 INFO: Application startup [in C:\Users\RISHI\Desktop\PBL Vercel\PBL very new\PBL\app.py:37]
2025-05-10 22:02:23,008 ERROR: Database connection failed: No module named 'psycopg2' [in C:\Users\RISHI\Desktop\PBL Vercel\PBL very new\PBL\app.py:54]
2025-05-10 22:10:00,021 INFO: Application startup [in C:\Users\RISHI\Desktop\PBL Vercel\PBL very new\PBL\app.py:37]
2025-05-10 22:10:00,054 ERROR: Database connection failed: No module named 'psycopg2' [in C:\Users\RISHI\Desktop\PBL Vercel\PBL very new\PBL\app.py:54]
2025-05-10 22:10:26,296 INFO: Application startup [in C:\Users\RISHI\Desktop\PBL Vercel\PBL very new\PBL\app.py:37]
2025-05-10 22:10:30,162 ERROR: Database connection failed: (psycopg2.OperationalError) could not translate host name "host" to address: Name or service not known

(Background on this error at: https://sqlalche.me/e/14/e3q8) [in C:\Users\RISHI\Desktop\PBL Vercel\PBL very new\PBL\app.py:54]
2025-05-10 22:11:20,152 INFO: Application startup [in C:\Users\RISHI\Desktop\PBL Vercel\PBL very new\PBL\app.py:37]
2025-05-10 22:11:20,180 INFO: Database connection successful [in C:\Users\RISHI\Desktop\PBL Vercel\PBL very new\PBL\app.py:52]
2025-05-10 22:11:21,394 INFO: Application startup [in C:\Users\RISHI\Desktop\PBL Vercel\PBL very new\PBL\app.py:37]
2025-05-10 22:11:21,403 INFO: Database connection successful [in C:\Users\RISHI\Desktop\PBL Vercel\PBL very new\PBL\app.py:52]
2025-05-10 22:11:41,251 INFO: Application startup [in C:\Users\RISHI\Desktop\PBL Vercel\PBL very new\PBL\app.py:37]
2025-05-10 22:11:41,263 INFO: Database connection successful [in C:\Users\RISHI\Desktop\PBL Vercel\PBL very new\PBL\app.py:52]
2025-05-10 23:11:05,563 INFO: Application startup [in C:\Users\RISHI\Desktop\PBL Vercel\PBL very new\PBL\app.py:37]
2025-05-10 23:11:05,580 INFO: Database connection successful [in C:\Users\RISHI\Desktop\PBL Vercel\PBL very new\PBL\app.py:52]
2025-05-11 23:33:20,859 INFO: Application startup [in C:\Users\RISHI\Desktop\PBL Vercel\PBL very new\PBL\app.py:37]
2025-05-11 23:33:20,872 INFO: Database connection successful [in C:\Users\RISHI\Desktop\PBL Vercel\PBL very new\PBL\app.py:52]
2025-05-11 23:33:22,030 INFO: Application startup [in C:\Users\RISHI\Desktop\PBL Vercel\PBL very new\PBL\app.py:37]
2025-05-11 23:33:22,040 INFO: Database connection successful [in C:\Users\RISHI\Desktop\PBL Vercel\PBL very new\PBL\app.py:52]
2025-05-26 22:58:47,171 INFO: Application startup [in C:\Users\RISHI\Desktop\PBL Vercel\PBL very new\PBL\app.py:37]
2025-05-26 22:58:47,190 INFO: Database connection successful [in C:\Users\RISHI\Desktop\PBL Vercel\PBL very new\PBL\app.py:52]
2025-05-26 22:58:48,506 INFO: Application startup [in C:\Users\RISHI\Desktop\PBL Vercel\PBL very new\PBL\app.py:37]
2025-05-26 22:58:48,516 INFO: Database connection successful [in C:\Users\RISHI\Desktop\PBL Vercel\PBL very new\PBL\app.py:52]
2026-05-23 02:30:09,799 INFO: Application startup [in /Users/aniketvijayshinde/Desktop/Duel-Tech-Final-/app.py:37]
2026-05-23 02:30:09,809 INFO: Database connection successful [in /Users/aniketvijayshinde/Desktop/Duel-Tech-Final-/app.py:52]
2026-05-23 02:35:57,706 INFO: Application startup [in /Users/aniketvijayshinde/Desktop/Duel-Tech-Final-/app.py:37]
2026-05-23 02:35:57,714 INFO: Database connection successful [in /Users/aniketvijayshinde/Desktop/Duel-Tech-Final-/app.py:52]
2026-05-23 02:35:58,321 INFO: Application startup [in /Users/aniketvijayshinde/Desktop/Duel-Tech-Final-/app.py:37]
2026-05-23 02:35:58,326 INFO: Database connection successful [in /Users/aniketvijayshinde/Desktop/Duel-Tech-Final-/app.py:52]
2026-05-23 02:38:42,602 INFO: Application startup [in /Users/aniketvijayshinde/Desktop/Duel-Tech-Final-/app.py:37]
2026-05-23 02:38:42,617 INFO: Database connection successful [in /Users/aniketvijayshinde/Desktop/Duel-Tech-Final-/app.py:52]
2026-05-23 02:38:46,618 INFO: Application startup [in /Users/aniketvijayshinde/Desktop/Duel-Tech-Final-/app.py:37]
2026-05-23 02:38:46,624 INFO: Database connection successful [in /Users/aniketvijayshinde/Desktop/Duel-Tech-Final-/app.py:52]
2026-05-23 02:38:49,667 INFO: Application startup [in /Users/aniketvijayshinde/Desktop/Duel-Tech-Final-/app.py:37]
2026-05-23 02:38:49,673 INFO: Database connection successful [in /Users/aniketvijayshinde/Desktop/Duel-Tech-Final-/app.py:52]
2026-05-23 02:38:52,649 INFO: Application startup [in /Users/aniketvijayshinde/Desktop/Duel-Tech-Final-/app.py:37]
2026-05-23 02:38:52,655 INFO: Database connection successful [in /Users/aniketvijayshinde/Desktop/Duel-Tech-Final-/app.py:52]
2026-05-23 02:38:56,538 INFO: Application startup [in /Users/aniketvijayshinde/Desktop/Duel-Tech-Final-/app.py:37]
2026-05-23 02:38:56,543 INFO: Database connection successful [in /Users/aniketvijayshinde/Desktop/Duel-Tech-Final-/app.py:52]
